  Determining projects to restore...
  All projects are up-to-date for restore.
C:\Users\SY\FYP_BadmintonApp\BadmintonFYP.Api\Models\BadmintonDbContext.cs(25,10): warning CS1030: #warning: 'To protect potentially sensitive information in your connection string, you should move it out of source code. You can avoid scaffolding the connection string by using the Name= syntax to read it from configuration - see https://go.microsoft.com/fwlink/?linkid=2131148. For more guidance on storing connection strings, see https://go.microsoft.com/fwlink/?LinkId=723263.' [C:\Users\SY\FYP_BadmintonApp\BadmintonFYP.Api\BadmintonFYP.Api.csproj]
C:\Users\SY\FYP_BadmintonApp\BadmintonFYP.Api\Controllers\EventsController.cs(75,9): error CS1519: Invalid token '}' in a member declaration [C:\Users\SY\FYP_BadmintonApp\BadmintonFYP.Api\BadmintonFYP.Api.csproj]
C:\Users\SY\FYP_BadmintonApp\BadmintonFYP.Api\Controllers\EventsController.cs(174,6): error CS1513: } expected [C:\Users\SY\FYP_BadmintonApp\BadmintonFYP.Api\BadmintonFYP.Api.csproj]
C:\Users\SY\FYP_BadmintonApp\BadmintonFYP.Api\Controllers\EventsController.cs(192,1): error CS1022: Type or namespace definition, or end-of-file expected [C:\Users\SY\FYP_BadmintonApp\BadmintonFYP.Api\BadmintonFYP.Api.csproj]

Build FAILED.

C:\Users\SY\FYP_BadmintonApp\BadmintonFYP.Api\Models\BadmintonDbContext.cs(25,10): warning CS1030: #warning: 'To protect potentially sensitive information in your connection string, you should move it out of source code. You can avoid scaffolding the connection string by using the Name= syntax to read it from configuration - see https://go.microsoft.com/fwlink/?linkid=2131148. For more guidance on storing connection strings, see https://go.microsoft.com/fwlink/?LinkId=723263.' [C:\Users\SY\FYP_BadmintonApp\BadmintonFYP.Api\BadmintonFYP.Api.csproj]
C:\Users\SY\FYP_BadmintonApp\BadmintonFYP.Api\Controllers\EventsController.cs(75,9): error CS1519: Invalid token '}' in a member declaration [C:\Users\SY\FYP_BadmintonApp\BadmintonFYP.Api\BadmintonFYP.Api.csproj]
C:\Users\SY\FYP_BadmintonApp\BadmintonFYP.Api\Controllers\EventsController.cs(174,6): error CS1513: } expected [C:\Users\SY\FYP_BadmintonApp\BadmintonFYP.Api\BadmintonFYP.Api.csproj]
C:\Users\SY\FYP_BadmintonApp\BadmintonFYP.Api\Controllers\EventsController.cs(192,1): error CS1022: Type or namespace definition, or end-of-file expected [C:\Users\SY\FYP_BadmintonApp\BadmintonFYP.Api\BadmintonFYP.Api.csproj]
    1 Warning(s)
    3 Error(s)

Time Elapsed 00:00:01.78

Workload updates are available. Run `dotnet workload list` for more information.
